 program

 Timestamp is 5f4658dd (Wed Aug 26 14:43:09 2020)

 Preferred load address is 0000000140000000

 Start         Length     Name                   Class
 0001:00000000 00000023H .text$mn                CODE
 0002:00000000 0000001cH .rdata                  DATA
 0002:0000001c 00000070H .rdata$zzzdbg           DATA
 0002:0000008c 00000008H .xdata                  DATA
 0002:00000094 00000000H .edata                  DATA
 0003:00000000 00000001H .bss                    DATA
 0004:00000000 0000000cH .pdata                  DATA

  Address         Publics by Value              Rva+Base               Lib:Object

 0000:00000000       __dynamic_value_reloc_table 0000000000000000     <absolute>
 0000:00000000       __hybrid_auxiliary_iat     0000000000000000     <absolute>
 0000:00000000       __guard_fids_table         0000000000000000     <absolute>
 0000:00000000       ___safe_se_handler_table   0000000000000000     <absolute>
 0000:00000000       __AbsoluteZero             0000000000000000     <absolute>
 0000:00000000       __enclave_config           0000000000000000     <absolute>
 0000:00000000       __guard_flags              0000000000000000     <absolute>
 0000:00000000       __guard_eh_cont_table      0000000000000000     <absolute>
 0000:00000000       ___safe_se_handler_count   0000000000000000     <absolute>
 0000:00000000       __guard_iat_table          0000000000000000     <absolute>
 0000:00000000       __arm64x_redirection_metadata 0000000000000000     <absolute>
 0000:00000000       __guard_longjmp_table      0000000000000000     <absolute>
 0000:00000000       __guard_longjmp_count      0000000000000000     <absolute>
 0000:00000000       __guard_fids_count         0000000000000000     <absolute>
 0000:00000000       __hybrid_code_map_count    0000000000000000     <absolute>
 0000:00000000       __x64_code_ranges_to_entry_points 0000000000000000     <absolute>
 0000:00000000       __hybrid_code_map          0000000000000000     <absolute>
 0000:00000000       __guard_iat_count          0000000000000000     <absolute>
 0000:00000000       __volatile_metadata        0000000000000000     <absolute>
 0000:00000000       __guard_eh_cont_count      0000000000000000     <absolute>
 0000:00000000       __arm64x_native_entrypoint 0000000000000000     <absolute>
 0001:00000000       getaddr2                   0000000140001000 f   getaddr2.obj
 0001:00000000       getaddr1                   0000000140001000 f   getaddr1.obj
 0001:00000010       begin                      0000000140001010 f   main.obj
 0003:00000000       var                        0000000140003000     <common>

 entry point at        0001:00000010

 Static symbols

 0002:0000008c       $unwind$begin              000000014000208c     main.obj
 0004:00000000       $pdata$begin               0000000140004000     main.obj
