 program

 Timestamp is 6028b6af (Sun Feb 14 06:35:43 2021)

 Preferred load address is 0000000140000000

 Start         Length     Name                   Class
 0001:00000000 000000cfH .text$mn                CODE
 0002:00000000 00000020H .rdata                  DATA
 0002:00000020 00000070H .rdata$zzzdbg           DATA
 0002:00000090 0000001cH .xdata                  DATA
 0002:000000ac 00000000H .edata                  DATA
 0003:00000000 00000020H .data                   DATA
 0004:00000000 00000018H .pdata                  DATA

  Address         Publics by Value              Rva+Base               Lib:Object

 0000:00000000       __hybrid_code_map_count    0000000000000000     <absolute>
 0000:00000000       __arm64x_native_entrypoint 0000000000000000     <absolute>
 0000:00000000       __guard_eh_cont_table      0000000000000000     <absolute>
 0000:00000000       __enclave_config           0000000000000000     <absolute>
 0000:00000000       __arm64x_redirection_metadata_count 0000000000000000     <absolute>
 0000:00000000       __guard_fids_table         0000000000000000     <absolute>
 0000:00000000       __AbsoluteZero             0000000000000000     <absolute>
 0000:00000000       __hybrid_auxiliary_iat     0000000000000000     <absolute>
 0000:00000000       __dynamic_value_reloc_table 0000000000000000     <absolute>
 0000:00000000       __guard_longjmp_count      0000000000000000     <absolute>
 0000:00000000       __guard_iat_count          0000000000000000     <absolute>
 0000:00000000       __guard_flags              0000000000000000     <absolute>
 0000:00000000       ___safe_se_handler_count   0000000000000000     <absolute>
 0000:00000000       __guard_iat_table          0000000000000000     <absolute>
 0000:00000000       __arm64x_redirection_metadata 0000000000000000     <absolute>
 0000:00000000       __guard_eh_cont_count      0000000000000000     <absolute>
 0000:00000000       __x64_code_ranges_to_entry_points_count 0000000000000000     <absolute>
 0000:00000000       ___safe_se_handler_table   0000000000000000     <absolute>
 0000:00000000       __arm64x_extra_rfe_table_size 0000000000000000     <absolute>
 0000:00000000       __volatile_metadata        0000000000000000     <absolute>
 0000:00000000       __guard_longjmp_table      0000000000000000     <absolute>
 0000:00000000       __x64_code_ranges_to_entry_points 0000000000000000     <absolute>
 0000:00000000       __hybrid_code_map          0000000000000000     <absolute>
 0000:00000000       __guard_fids_count         0000000000000000     <absolute>
 0000:00000000       __arm64x_extra_rfe_table   0000000000000000     <absolute>
 0000:00000000       __ImageBase                0000000140000000     <linker-defined>
 0001:00000000       main                       0000000140001000 f   BareCode4Windo.obj
 0001:000000a8       xfunc                      00000001400010a8 f   BareCode4Windo.obj
 0001:000000ac       xstring                    00000001400010ac f   BareCode4Windo.obj
 0002:00000000       ??_C@_02LDKJOMJN@AB@       0000000140002000     BareCode4Windo.obj
 0003:00000000       deadloopvar                0000000140003000     BareCode4Windo.obj

 entry point at        0001:00000000

 Static symbols

 0002:00000090       $unwind$xstring            0000000140002090     BareCode4Windo.obj
 0002:00000098       $unwind$main               0000000140002098     BareCode4Windo.obj
 0003:00000004       ?buffer@?3??main@@9@9      0000000140003004     BareCode4Windo.obj
 0003:00000010       ?sizeTable@?3??main@@9@9   0000000140003010     BareCode4Windo.obj
 0003:00000018       ?stringTable@?3??main@@9@9 0000000140003018     BareCode4Windo.obj
