 program

 Timestamp is 6015a59f (Sat Jan 30 19:29:51 2021)

 Preferred load address is 0000000140000000

 Start         Length     Name                   Class
 0001:00000000 0000004bH .text$mn                CODE
 0002:00000000 00000038H .rdata                  DATA
 0002:00000038 00000080H .rdata$zzzdbg           DATA
 0002:000000b8 00000008H .xdata                  DATA
 0002:000000c0 00000000H .edata                  DATA
 0003:00000000 00000078H .data                   DATA
 0003:00000078 00000004H .bss                    DATA
 0004:00000000 0000000cH .pdata                  DATA

  Address         Publics by Value              Rva+Base               Lib:Object

 0000:00000000       __hybrid_code_map_count    0000000000000000     <absolute>
 0000:00000000       __arm64x_native_entrypoint 0000000000000000     <absolute>
 0000:00000000       __guard_eh_cont_table      0000000000000000     <absolute>
 0000:00000000       __guard_eh_cont_count      0000000000000000     <absolute>
 0000:00000000       __enclave_config           0000000000000000     <absolute>
 0000:00000000       __arm64x_redirection_metadata_count 0000000000000000     <absolute>
 0000:00000000       __guard_fids_table         0000000000000000     <absolute>
 0000:00000000       __guard_flags              0000000000000000     <absolute>
 0000:00000000       ___safe_se_handler_count   0000000000000000     <absolute>
 0000:00000000       __AbsoluteZero             0000000000000000     <absolute>
 0000:00000000       __arm64x_extra_rfe_table_size 0000000000000000     <absolute>
 0000:00000000       __volatile_metadata        0000000000000000     <absolute>
 0000:00000000       __hybrid_auxiliary_iat     0000000000000000     <absolute>
 0000:00000000       __dynamic_value_reloc_table 0000000000000000     <absolute>
 0000:00000000       __guard_longjmp_count      0000000000000000     <absolute>
 0000:00000000       __hybrid_code_map          0000000000000000     <absolute>
 0000:00000000       __guard_iat_count          0000000000000000     <absolute>
 0000:00000000       __arm64x_extra_rfe_table   0000000000000000     <absolute>
 0000:00000000       __guard_fids_count         0000000000000000     <absolute>
 0000:00000000       __guard_iat_table          0000000000000000     <absolute>
 0000:00000000       ___safe_se_handler_table   0000000000000000     <absolute>
 0000:00000000       __arm64x_redirection_metadata 0000000000000000     <absolute>
 0000:00000000       __x64_code_ranges_to_entry_points 0000000000000000     <absolute>
 0000:00000000       __x64_code_ranges_to_entry_points_count 0000000000000000     <absolute>
 0000:00000000       __guard_longjmp_table      0000000000000000     <absolute>
 0000:00000000       __ImageBase                0000000140000000     <linker-defined>
 0001:00000000       begin                      0000000140001000 f   ibase0.obj
 0001:00000048       xfunc                      0000000140001048 f   icode.obj
 0002:00000000       ??_C@_03KOEHGMDN@Sun@      0000000140002000     idata.obj
 0002:00000004       ??_C@_03PDAGKDH@Mon@       0000000140002004     idata.obj
 0002:00000008       ??_C@_03NAGEINEP@Tue@      0000000140002008     idata.obj
 0002:0000000c       ??_C@_03MHOMLAJA@Wed@      000000014000200c     idata.obj
 0002:00000010       ??_C@_03IOFIKPDN@Thu@      0000000140002010     idata.obj
 0002:00000014       ??_C@_03IDIOELNC@Fri@      0000000140002014     idata.obj
 0002:00000018       ??_C@_03FEFJNEK@Sat@       0000000140002018     idata.obj
 0003:00000000       deadloopvar                0000000140003000     ibase0.obj
 0003:00000008       wday_name_short            0000000140003008     idata.obj
 0003:00000040       xday_name_short            0000000140003040     idata.obj
 0003:00000078       i                          0000000140003078     <common>

 entry point at        0001:00000000

 Static symbols

 0002:000000b8       $unwind$begin              00000001400020b8     ibase0.obj
